node.exe : $ next build
At C:\Users\User\AppData\Roaming\npm\pnpm.ps1:24 char:5
+     & "node$exe"  "$basedir/node_modules/pnpm/bin/pnpm.mjs" $args
+     ~~~~~~~~~~~~~~~~~~~~~~~~~~~~~~~~~~~~~~~~~~~~~~~~~~~~~~~~~~~~~
    + CategoryInfo          : NotSpecified: ($ next build:String) [], RemoteEx 
   ception
    + FullyQualifiedErrorId : NativeCommandError
 
[baseline-browser-mapping] The data in this module is over two months old.  To 
ensure accurate Baseline data, please update: `npm i 
baseline-browser-mapping@latest -D`
   Γû▓ Next.js 15.6.0-canary.60 (Turbopack)
   - Environments: .env.local
   - Experiments (use with caution):
     Γ£ô inlineCss
     Γ£ô ppr
     Γ£ô rdcForNavigations (enabled by `experimental.ppr`)
     Γ£ô useCache

 ΓÜá The "middleware" file convention is deprecated. Please use "proxy" 
instead.
   Creating an optimized production build ...
[baseline-browser-mapping] The data in this module is over two months old.  To 
ensure accurate Baseline data, please update: `npm i 
baseline-browser-mapping@latest -D`
 Γ£ô Compiled successfully in 45s
   Running TypeScript ...
